ERROR: FormatException: Configuration is not in the right format. FormatExceptions: [FormatException: No value was provided for required key: version, #0      Config._throwIfNull (package:cli_config/src/config.dart:628:7)
#1      Config.string (package:cli_config/src/config.dart:250:5)
#2      BuildConfigImpl._readFieldsFromConfig.<anonymous closure> (package:native_assets_cli/src/model/build_config.dart:275:46)
#3      new BuildConfigImpl.fromConfig (package:native_assets_cli/src/model/build_config.dart:230:10)
#4      BuildConfigImpl.fromArguments (package:native_assets_cli/src/model/build_config.dart:258:28)
#5      new BuildConfig (package:native_assets_cli/src/api/build_config.dart:148:23)
#6      build (package:native_assets_cli/src/api/build.dart:92:18)
#7      main (file:///z:/users/alekstsvetanov/documents/github/webframe/packages/coroute_framework/hook/build.dart:7:11)
#8      _delayEntrypointInvocation.<anonymous closure> (dart:isolate-patch/isolate_patch.dart:312:33)
#9      _RawReceivePort._handleMessage (dart:isolate-patch/isolate_patch.dart:193:12)
, FormatException: No value was provided for required key: out_dir, #0      Config._throwIfNull (package:cli_config/src/config.dart:628:7)
#1      Config.path (package:cli_config/src/config.dart:472:5)
#2      BuildConfigImpl._readFieldsFromConfig.<anonymous closure> (package:native_assets_cli/src/model/build_config.dart:294:36)
#3      new BuildConfigImpl.fromConfig (package:native_assets_cli/src/model/build_config.dart:230:10)
#4      BuildConfigImpl.fromArguments (package:native_assets_cli/src/model/build_config.dart:258:28)
#5      new BuildConfig (package:native_assets_cli/src/api/build_config.dart:148:23)
#6      build (package:native_assets_cli/src/api/build.dart:92:18)
#7      main (file:///z:/users/alekstsvetanov/documents/github/webframe/packages/coroute_framework/hook/build.dart:7:11)
#8      _delayEntrypointInvocation.<anonymous closure> (dart:isolate-patch/isolate_patch.dart:312:33)
#9      _RawReceivePort._handleMessage (dart:isolate-patch/isolate_patch.dart:193:12)
, FormatException: No value was provided for required key: build_mode, #0      Config._throwIfNull (package:cli_config/src/config.dart:628:7)
#1      Config.string (package:cli_config/src/config.dart:250:5)
#2      BuildConfigImpl._readFieldsFromConfig.<anonymous closure> (package:native_assets_cli/src/model/build_config.dart:303:20)
#3      new BuildConfigImpl.fromConfig (package:native_assets_cli/src/model/build_config.dart:230:10)
#4      BuildConfigImpl.fromArguments (package:native_assets_cli/src/model/build_config.dart:258:28)
#5      new BuildConfig (package:native_assets_cli/src/api/build_config.dart:148:23)
#6      build (package:native_assets_cli/src/api/build.dart:92:18)
#7      main (file:///z:/users/alekstsvetanov/documents/github/webframe/packages/coroute_framework/hook/build.dart:7:11)
#8      _delayEntrypointInvocation.<anonymous closure> (dart:isolate-patch/isolate_patch.dart:312:33)
#9      _RawReceivePort._handleMessage (dart:isolate-patch/isolate_patch.dart:193:12)
, FormatException: No value was provided for required key: target_os, #0      Config._throwIfNull (package:cli_config/src/config.dart:628:7)
#1      Config.string (package:cli_config/src/config.dart:250:5)
#2      BuildConfigImpl._readFieldsFromConfig.<anonymous closure> (package:native_assets_cli/src/model/build_config.dart:312:18)
#3      new BuildConfigImpl.fromConfig (package:native_assets_cli/src/model/build_config.dart:230:10)
#4      BuildConfigImpl.fromArguments (package:native_assets_cli/src/model/build_config.dart:258:28)
#5      new BuildConfig (package:native_assets_cli/src/api/build_config.dart:148:23)
#6      build (package:native_assets_cli/src/api/build.dart:92:18)
#7      main (file:///z:/users/alekstsvetanov/documents/github/webframe/packages/coroute_framework/hook/build.dart:7:11)
#8      _delayEntrypointInvocation.<anonymous closure> (dart:isolate-patch/isolate_patch.dart:312:33)
#9      _RawReceivePort._handleMessage (dart:isolate-patch/isolate_patch.dart:193:12)
, FormatException: No value was provided for required key: target_architecture, #0      Config._throwIfNull (package:cli_config/src/config.dart:628:7)
#1      Config.string (package:cli_config/src/config.dart:250:5)
#2      BuildConfigImpl._readFieldsFromConfig.<anonymous closure> (package:native_assets_cli/src/model/build_config.dart:332:20)
#3      new BuildConfigImpl.fromConfig (package:native_assets_cli/src/model/build_config.dart:230:10)
#4      BuildConfigImpl.fromArguments (package:native_assets_cli/src/model/build_config.dart:258:28)
#5      new BuildConfig (package:native_assets_cli/src/api/build_config.dart:148:23)
#6      build (package:native_assets_cli/src/api/build.dart:92:18)
#7      main (file:///z:/users/alekstsvetanov/documents/github/webframe/packages/coroute_framework/hook/build.dart:7:11)
#8      _delayEntrypointInvocation.<anonymous closure> (dart:isolate-patch/isolate_patch.dart:312:33)
#9      _RawReceivePort._handleMessage (dart:isolate-patch/isolate_patch.dart:193:12)
, FormatException: No value was provided for required key: link_mode_preference, #0      Config._throwIfNull (package:cli_config/src/config.dart:628:7)
#1      Config.string (package:cli_config/src/config.dart:250:5)
#2      BuildConfigImpl._readFieldsFromConfig.<anonymous closure> (package:native_assets_cli/src/model/build_config.dart:417:18)
#3      new BuildConfigImpl.fromConfig (package:native_assets_cli/src/model/build_config.dart:230:10)
#4      BuildConfigImpl.fromArguments (package:native_assets_cli/src/model/build_config.dart:258:28)
#5      new BuildConfig (package:native_assets_cli/src/api/build_config.dart:148:23)
#6      build (package:native_assets_cli/src/api/build.dart:92:18)
#7      main (file:///z:/users/alekstsvetanov/documents/github/webframe/packages/coroute_framework/hook/build.dart:7:11)
#8      _delayEntrypointInvocation.<anonymous closure> (dart:isolate-patch/isolate_patch.dart:312:33)
#9      _RawReceivePort._handleMessage (dart:isolate-patch/isolate_patch.dart:193:12)
]
#0      new BuildConfigImpl.fromConfig (package:native_assets_cli/src/model/build_config.dart:238:7)
#1      BuildConfigImpl.fromArguments (package:native_assets_cli/src/model/build_config.dart:258:28)
#2      new BuildConfig (package:native_assets_cli/src/api/build_config.dart:148:23)
#3      build (package:native_assets_cli/src/api/build.dart:92:18)
#4      main (file:///z:/users/alekstsvetanov/documents/github/webframe/packages/coroute_framework/hook/build.dart:7:11)
#5      _delayEntrypointInvocation.<anonymous closure> (dart:isolate-patch/isolate_patch.dart:312:33)
#6      _RawReceivePort._handleMessage (dart:isolate-patch/isolate_patch.dart:193:12)

Starting build for windows in Z:\Users\AleksTsvetanov\Documents\GitHub\WebFrame\packages\coroute_framework\
Copied libcoroute_app.dll to Z:\Users\AleksTsvetanov\Documents\GitHub\WebFrame\examples\FlutterProject\.flutter\.dart_tool\hooks_runner\shared\coroute_framework\build\e8072a2455773a99a9f4fa5fa1a7cafd\libcoroute_app.dll
Added asset src/coroute_app
Starting build for windows in Z:\Users\AleksTsvetanov\Documents\GitHub\WebFrame\packages\coroute_framework\
Copied libcoroute_app.dll to Z:\Users\AleksTsvetanov\Documents\GitHub\WebFrame\examples\FlutterProject\.flutter\.dart_tool\hooks_runner\shared\coroute_framework\build\e8072a2455773a99a9f4fa5fa1a7cafd\libcoroute_app.dll
Added asset src/coroute_app
Starting build for windows in Z:\Users\AleksTsvetanov\Documents\GitHub\WebFrame\packages\coroute_framework\
Copied coroute_app.dll to Z:\Users\AleksTsvetanov\Documents\GitHub\WebFrame\examples\FlutterProject\.flutter\.dart_tool\hooks_runner\shared\coroute_framework\build\e8072a2455773a99a9f4fa5fa1a7cafd\coroute_app.dll
Added asset src/coroute_app
